
> @repo/web@0.2.0 build /Users/yakrav7700/Desktop/05-04-2026_11-45-39/apps/web
> prisma generate && next build --webpack

node:internal/modules/cjs/loader:1459
  throw err;
  ^

Error: Cannot find module './HKT.js'
Require stack:
- /Users/yakrav7700/Desktop/05-04-2026_11-45-39/node_modules/effect/dist/cjs/index.js
- /Users/yakrav7700/Desktop/05-04-2026_11-45-39/node_modules/@prisma/config/dist/index.js
- /Users/yakrav7700/Desktop/05-04-2026_11-45-39/node_modules/prisma/build/index.js
    at Module._resolveFilename (node:internal/modules/cjs/loader:1456:15)
    at defaultResolveImpl (node:internal/modules/cjs/loader:1066:19)
    at resolveForCJSWithHooks (node:internal/modules/cjs/loader:1071:22)
    at Module._load (node:internal/modules/cjs/loader:1242:25)
    at wrapModuleLoad (node:internal/modules/cjs/loader:255:19)
    at Module.require (node:internal/modules/cjs/loader:1556:12)
    at require (node:internal/modules/helpers:152:16)
    at Object.<anonymous> (/Users/yakrav7700/Desktop/05-04-2026_11-45-39/node_modules/effect/dist/cjs/index.js:140:36)
    at Module._compile (node:internal/modules/cjs/loader:1812:14)
    at Object..js (node:internal/modules/cjs/loader:1943:10) {
  code: 'MODULE_NOT_FOUND',
  requireStack: [
    '/Users/yakrav7700/Desktop/05-04-2026_11-45-39/node_modules/effect/dist/cjs/index.js',
    '/Users/yakrav7700/Desktop/05-04-2026_11-45-39/node_modules/@prisma/config/dist/index.js',
    '/Users/yakrav7700/Desktop/05-04-2026_11-45-39/node_modules/prisma/build/index.js'
  ]
}

Node.js v24.14.1
 ELIFECYCLE  Command failed with exit code 1.
